[     346ms] [VERBOSE] [DOM] Input elements should have autocomplete attributes (suggested: "current-password"): (More info: https://goo.gl/9p2vKq) %o @ http://localhost:9002/login:0
[     408ms] [INFO] %cDownload the React DevTools for a better development experience: https://react.dev/link/react-devtools font-weight:bold @ http://localhost:9002/_next/static/chunks/node_modules_next_dist_compiled_react-dom_1e674e59._.js:14537
[     450ms] [LOG] No cart data found in localStorage @ http://localhost:9002/_next/static/chunks/src_a9be78c3._.js:1915
[     450ms] [LOG] Empty cart, removed from localStorage @ http://localhost:9002/_next/static/chunks/src_a9be78c3._.js:1945
[     451ms] [LOG] Making API request to: http://localhost:8082/home/boxes @ http://localhost:9002/_next/static/chunks/src_a9be78c3._.js:2464
[     451ms] [LOG] Making API request to: http://localhost:8082/stores @ http://localhost:9002/_next/static/chunks/src_a9be78c3._.js:2464
[     452ms] [LOG] Making API request to: http://localhost:8082/home/hero-images @ http://localhost:9002/_next/static/chunks/src_a9be78c3._.js:2464
[     452ms] [LOG] Making API request to: http://localhost:8082/home/category-icons @ http://localhost:9002/_next/static/chunks/src_a9be78c3._.js:2464
[   97048ms] [LOG] [Fast Refresh] rebuilding @ http://localhost:9002/_next/static/chunks/node_modules_next_dist_client_cf1d9188._.js:5949
[   97095ms] [LOG] [Fast Refresh] done in 128ms @ http://localhost:9002/_next/static/chunks/node_modules_next_dist_client_cf1d9188._.js:5809
[  123324ms] [LOG] [Fast Refresh] rebuilding @ http://localhost:9002/_next/static/chunks/node_modules_next_dist_client_cf1d9188._.js:5949
[  123441ms] [ERROR] ./src/app/login/page.tsx:304:1
Parsing ecmascript source code failed
  302 |     </div>
  303 |   );
> 304 | }
      | ^
  305 |

Unexpected token. Did you mean `{'}'}` or `&rbrace;`?

Import traces:
  Client Component Browser:
    ./src/app/login/page.tsx [Client Component Browser]
    ./src/app/login/page.tsx [Server Component]

  Client Component SSR:
    ./src/app/login/page.tsx [Client Component SSR]
    ./src/app/login/page.tsx [Server Component] @ http://localhost:9002/_next/static/chunks/node_modules_next_dist_b0daae9a._.js:2359
[  123448ms] [LOG] {file: Object} @ http://localhost:9002/_next/static/chunks/node_modules_next_dist_compiled_next-devtools_index_a9cb0712.js:16058
[  138999ms] [LOG] [Fast Refresh] rebuilding @ http://localhost:9002/_next/static/chunks/node_modules_next_dist_client_cf1d9188._.js:5949
[  139046ms] [LOG] [Fast Refresh] done in 108ms @ http://localhost:9002/_next/static/chunks/node_modules_next_dist_client_cf1d9188._.js:5809
[  139133ms] [VERBOSE] [DOM] Input elements should have autocomplete attributes (suggested: "current-password"): (More info: https://goo.gl/9p2vKq) %o @ http://localhost:9002/login:0
[  170194ms] [LOG] [Fast Refresh] rebuilding @ http://localhost:9002/_next/static/chunks/node_modules_next_dist_client_cf1d9188._.js:5949
[  170235ms] [LOG] [Fast Refresh] done in 95ms @ http://localhost:9002/_next/static/chunks/node_modules_next_dist_client_cf1d9188._.js:5809
[  170326ms] [VERBOSE] [DOM] Input elements should have autocomplete attributes (suggested: "current-password"): (More info: https://goo.gl/9p2vKq) %o @ http://localhost:9002/login:0
[  198340ms] [LOG] [Fast Refresh] rebuilding @ http://localhost:9002/_next/static/chunks/node_modules_next_dist_client_cf1d9188._.js:5949
[  198433ms] [LOG] [Fast Refresh] done in 188ms @ http://localhost:9002/_next/static/chunks/node_modules_next_dist_client_cf1d9188._.js:5809
