[     313ms] [VERBOSE] [DOM] Input elements should have autocomplete attributes (suggested: "current-password"): (More info: https://goo.gl/9p2vKq) %o @ http://localhost:9002/login:0
[     354ms] [INFO] %cDownload the React DevTools for a better development experience: https://react.dev/link/react-devtools font-weight:bold @ http://localhost:9002/_next/static/chunks/node_modules_next_dist_compiled_react-dom_1e674e59._.js:14537
[     396ms] [WARNING] Cart data in localStorage is not an array, resetting: {items: Array(0), totalPrice: 0} @ http://localhost:9002/_next/static/chunks/src_a9be78c3._.js:1910
[     396ms] [LOG] Empty cart, removed from localStorage @ http://localhost:9002/_next/static/chunks/src_a9be78c3._.js:1945
[     396ms] [LOG] Making API request to: http://localhost:8082/home/boxes @ http://localhost:9002/_next/static/chunks/src_a9be78c3._.js:2464
[     397ms] [LOG] Making API request to: http://localhost:8082/stores @ http://localhost:9002/_next/static/chunks/src_a9be78c3._.js:2464
[     397ms] [LOG] Making API request to: http://localhost:8082/home/hero-images @ http://localhost:9002/_next/static/chunks/src_a9be78c3._.js:2464
[     397ms] [LOG] Making API request to: http://localhost:8082/home/category-icons @ http://localhost:9002/_next/static/chunks/src_a9be78c3._.js:2464
[     420ms] [LOG] Empty cart, removed from localStorage @ http://localhost:9002/_next/static/chunks/src_a9be78c3._.js:1945
[   52659ms] [LOG] [Fast Refresh] rebuilding @ http://localhost:9002/_next/static/chunks/node_modules_next_dist_client_cf1d9188._.js:5949
[   52755ms] [ERROR] In HTML, %s cannot be a child of <%s>.%s
This will cause a hydration error.%s <html> body  

  ...
    <HotReload assetPrefix="" globalError={[...]}>
      <AppDevOverlayErrorBoundary globalError={[...]}>
        <ReplaySsrOnlyErrors>
        <DevRootHTTPAccessFallbackBoundary>
          <HTTPAccessFallbackBoundary notFound={<NotAllowedRootHTTPFallbackError>}>
            <HTTPAccessFallbackErrorBoundary pathname="/login" notFound={<NotAllowedRootHTTPFallbackError>} ...>
              <RedirectBoundary>
                <RedirectErrorBoundary router={{...}}>
                  <Head>
                  <__next_root_layout_boundary__>
                    <SegmentViewNode type="layout" pagePath="layout.tsx">
                      <SegmentTrieNode>
                      <link>
                      <script>
                      <script>
                      <script>
                      <script>
                      <script>
                      <RootLayout>
                        <ClientAttributesWrapper>
                          <html lang="uk" data-bybit-channel-name="iAB4ZC8RQ4..." data-bybit-is-default-wallet={false}>
>                           <body
>                             className="lora_a45fbf95-module__2m6Q3G__variable raleway_4ef92574-module__4tlGaW__varia..."
>                           >
                              ...
                                <ErrorBoundary errorComponent={function GlobalError} errorStyles={<SegmentViewNode>} ...>
                                  <ErrorBoundaryHandler pathname="/login" errorComponent={function GlobalError} ...>
                                    <HandleISRError>
                                    <SegmentViewNode>
                                    <script>
                                    <script>
                                    <GlobalError error={Error} reset={function}>
>                                     <html>
                  ...
 @ http://localhost:9002/_next/static/chunks/node_modules_next_dist_b0daae9a._.js:2359
[   52756ms] [ERROR] <%s> cannot contain a nested %s.
See this log for the ancestor stack trace. body <html> @ http://localhost:9002/_next/static/chunks/node_modules_next_dist_b0daae9a._.js:2359
[   52761ms] [ERROR] You are mounting a new %s component when a previous one has not first unmounted. It is an error to render more than one %s component at a time and attributes and children of these components will likely fail in unpredictable ways. Please only render a single instance of <%s> and if you need to mount a new one, ensure any previous ones have unmounted first. html html html @ http://localhost:9002/_next/static/chunks/node_modules_next_dist_b0daae9a._.js:2359
[   52762ms] [ERROR] You are mounting a new %s component when a previous one has not first unmounted. It is an error to render more than one %s component at a time and attributes and children of these components will likely fail in unpredictable ways. Please only render a single instance of <%s> and if you need to mount a new one, ensure any previous ones have unmounted first. body body body @ http://localhost:9002/_next/static/chunks/node_modules_next_dist_b0daae9a._.js:2359
[   52762ms] [ERROR] %o

%s ReferenceError: useEffect is not defined
    at LoginPage (http://localhost:9002/_next/static/chunks/src_425d64ca._.js?id=%255Bproject%255D%252Fsrc%252Fapp%252Flogin%252Fpage.tsx+%255Bapp-client%255D+%2528ecmascript%2529:84:5)
    at Object.react_stack_bottom_frame (http://localhost:9002/_next/static/chunks/node_modules_next_dist_compiled_react-dom_1e674e59._.js:13072:24)
    at renderWithHooks (http://localhost:9002/_next/static/chunks/node_modules_next_dist_compiled_react-dom_1e674e59._.js:4091:24)
    at updateFunctionComponent (http://localhost:9002/_next/static/chunks/node_modules_next_dist_compiled_react-dom_1e674e59._.js:5523:21)
    at beginWork (http://localhost:9002/_next/static/chunks/node_modules_next_dist_compiled_react-dom_1e674e59._.js:6111:24)
    at runWithFiberInDEV (http://localhost:9002/_next/static/chunks/node_modules_next_dist_compiled_react-dom_1e674e59._.js:886:74)
    at performUnitOfWork (http://localhost:9002/_next/static/chunks/node_modules_next_dist_compiled_react-dom_1e674e59._.js:8298:97)
    at workLoopSync (http://localhost:9002/_next/static/chunks/node_modules_next_dist_compiled_react-dom_1e674e59._.js:8190:40)
    at renderRootSync (http://localhost:9002/_next/static/chunks/node_modules_next_dist_compiled_react-dom_1e674e59._.js:8173:13)
    at performWorkOnRoot (http://localhost:9002/_next/static/chunks/node_modules_next_dist_compiled_react-dom_1e674e59._.js:7932:56)
    at performSyncWorkOnRoot (http://localhost:9002/_next/static/chunks/node_modules_next_dist_compiled_react-dom_1e674e59._.js:8890:9)
    at flushSyncWorkAcrossRoots_impl (http://localhost:9002/_next/static/chunks/node_modules_next_dist_compiled_react-dom_1e674e59._.js:8809:316)
    at flushSyncWork$1 (http://localhost:9002/_next/static/chunks/node_modules_next_dist_compiled_react-dom_1e674e59._.js:8048:86)
    at Object.scheduleRefresh (http://localhost:9002/_next/static/chunks/node_modules_next_dist_compiled_react-dom_1e674e59._.js:294:13)
    at http://localhost:9002/_next/static/chunks/node_modules_next_dist_compiled_5150ccfd._.js:391:33
    at Set.forEach (<anonymous>)
    at Object.performReactRefresh (http://localhost:9002/_next/static/chunks/node_modules_next_dist_compiled_5150ccfd._.js:384:38)
    at applyUpdate (http://localhost:9002/_next/static/chunks/node_modules_next_dist_compiled_5150ccfd._.js:878:31)
    at http://localhost:9002/_next/static/chunks/node_modules_next_dist_compiled_5150ccfd._.js:886:13 The above error occurred in the <LoginPage> component. It was handled by the <ErrorBoundaryHandler> error boundary. @ http://localhost:9002/_next/static/chunks/node_modules_next_dist_client_cf1d9188._.js:1247
[   52764ms] [ERROR] Global error: ReferenceError: useEffect is not defined
    at LoginPage (http://localhost:9002/_next/static/chunks/src_425d64ca._.js?id=%255Bproject%255D%252Fsrc%252Fapp%252Flogin%252Fpage.tsx+%255Bapp-client%255D+%2528ecmascript%2529:84:5)
    at Object.react_stack_bottom_frame (http://localhost:9002/_next/static/chunks/node_modules_next_dist_compiled_react-dom_1e674e59._.js:13072:24)
    at renderWithHooks (http://localhost:9002/_next/static/chunks/node_modules_next_dist_compiled_react-dom_1e674e59._.js:4091:24)
    at updateFunctionComponent (http://localhost:9002/_next/static/chunks/node_modules_next_dist_compiled_react-dom_1e674e59._.js:5523:21)
    at beginWork (http://localhost:9002/_next/static/chunks/node_modules_next_dist_compiled_react-dom_1e674e59._.js:6111:24)
    at runWithFiberInDEV (http://localhost:9002/_next/static/chunks/node_modules_next_dist_compiled_react-dom_1e674e59._.js:886:74)
    at performUnitOfWork (http://localhost:9002/_next/static/chunks/node_modules_next_dist_compiled_react-dom_1e674e59._.js:8298:97)
    at workLoopSync (http://localhost:9002/_next/static/chunks/node_modules_next_dist_compiled_react-dom_1e674e59._.js:8190:40)
    at renderRootSync (http://localhost:9002/_next/static/chunks/node_modules_next_dist_compiled_react-dom_1e674e59._.js:8173:13)
    at performWorkOnRoot (http://localhost:9002/_next/static/chunks/node_modules_next_dist_compiled_react-dom_1e674e59._.js:7932:56)
    at performSyncWorkOnRoot (http://localhost:9002/_next/static/chunks/node_modules_next_dist_compiled_react-dom_1e674e59._.js:8890:9)
    at flushSyncWorkAcrossRoots_impl (http://localhost:9002/_next/static/chunks/node_modules_next_dist_compiled_react-dom_1e674e59._.js:8809:316)
    at flushSyncWork$1 (http://localhost:9002/_next/static/chunks/node_modules_next_dist_compiled_react-dom_1e674e59._.js:8048:86)
    at Object.scheduleRefresh (http://localhost:9002/_next/static/chunks/node_modules_next_dist_compiled_react-dom_1e674e59._.js:294:13)
    at http://localhost:9002/_next/static/chunks/node_modules_next_dist_compiled_5150ccfd._.js:391:33
    at Set.forEach (<anonymous>)
    at Object.performReactRefresh (http://localhost:9002/_next/static/chunks/node_modules_next_dist_compiled_5150ccfd._.js:384:38)
    at applyUpdate (http://localhost:9002/_next/static/chunks/node_modules_next_dist_compiled_5150ccfd._.js:878:31)
    at http://localhost:9002/_next/static/chunks/node_modules_next_dist_compiled_5150ccfd._.js:886:13 @ http://localhost:9002/_next/static/chunks/node_modules_next_dist_b0daae9a._.js:2359
[   52764ms] [ERROR] Global error: ReferenceError: useEffect is not defined
    at LoginPage (http://localhost:9002/_next/static/chunks/src_425d64ca._.js?id=%255Bproject%255D%252Fsrc%252Fapp%252Flogin%252Fpage.tsx+%255Bapp-client%255D+%2528ecmascript%2529:84:5)
    at Object.react_stack_bottom_frame (http://localhost:9002/_next/static/chunks/node_modules_next_dist_compiled_react-dom_1e674e59._.js:13072:24)
    at renderWithHooks (http://localhost:9002/_next/static/chunks/node_modules_next_dist_compiled_react-dom_1e674e59._.js:4091:24)
    at updateFunctionComponent (http://localhost:9002/_next/static/chunks/node_modules_next_dist_compiled_react-dom_1e674e59._.js:5523:21)
    at beginWork (http://localhost:9002/_next/static/chunks/node_modules_next_dist_compiled_react-dom_1e674e59._.js:6111:24)
    at runWithFiberInDEV (http://localhost:9002/_next/static/chunks/node_modules_next_dist_compiled_react-dom_1e674e59._.js:886:74)
    at performUnitOfWork (http://localhost:9002/_next/static/chunks/node_modules_next_dist_compiled_react-dom_1e674e59._.js:8298:97)
    at workLoopSync (http://localhost:9002/_next/static/chunks/node_modules_next_dist_compiled_react-dom_1e674e59._.js:8190:40)
    at renderRootSync (http://localhost:9002/_next/static/chunks/node_modules_next_dist_compiled_react-dom_1e674e59._.js:8173:13)
    at performWorkOnRoot (http://localhost:9002/_next/static/chunks/node_modules_next_dist_compiled_react-dom_1e674e59._.js:7932:56)
    at performSyncWorkOnRoot (http://localhost:9002/_next/static/chunks/node_modules_next_dist_compiled_react-dom_1e674e59._.js:8890:9)
    at flushSyncWorkAcrossRoots_impl (http://localhost:9002/_next/static/chunks/node_modules_next_dist_compiled_react-dom_1e674e59._.js:8809:316)
    at flushSyncWork$1 (http://localhost:9002/_next/static/chunks/node_modules_next_dist_compiled_react-dom_1e674e59._.js:8048:86)
    at Object.scheduleRefresh (http://localhost:9002/_next/static/chunks/node_modules_next_dist_compiled_react-dom_1e674e59._.js:294:13)
    at http://localhost:9002/_next/static/chunks/node_modules_next_dist_compiled_5150ccfd._.js:391:33
    at Set.forEach (<anonymous>)
    at Object.performReactRefresh (http://localhost:9002/_next/static/chunks/node_modules_next_dist_compiled_5150ccfd._.js:384:38)
    at applyUpdate (http://localhost:9002/_next/static/chunks/node_modules_next_dist_compiled_5150ccfd._.js:878:31)
    at http://localhost:9002/_next/static/chunks/node_modules_next_dist_compiled_5150ccfd._.js:886:13 @ http://localhost:9002/_next/static/chunks/node_modules_next_dist_b0daae9a._.js:2359
[   52783ms] [LOG] [Fast Refresh] done in 187ms @ http://localhost:9002/_next/static/chunks/node_modules_next_dist_client_cf1d9188._.js:5809
[   52915ms] [LOG] [Fast Refresh] rebuilding @ http://localhost:9002/_next/static/chunks/node_modules_next_dist_client_cf1d9188._.js:5949
[   52916ms] [LOG] [Fast Refresh] done in 101ms @ http://localhost:9002/_next/static/chunks/node_modules_next_dist_client_cf1d9188._.js:5809
[   55568ms] [LOG] [Fast Refresh] rebuilding @ http://localhost:9002/_next/static/chunks/node_modules_next_dist_client_cf1d9188._.js:5949
[   55569ms] [LOG] [Fast Refresh] done in 103ms @ http://localhost:9002/_next/static/chunks/node_modules_next_dist_client_cf1d9188._.js:5809
[   58947ms] [ERROR] %o

%s ReferenceError: useEffect is not defined
    at LoginPage (http://localhost:9002/_next/static/chunks/src_425d64ca._.js?id=%255Bproject%255D%252Fsrc%252Fapp%252Flogin%252Fpage.tsx+%255Bapp-client%255D+%2528ecmascript%2529:84:5)
    at Object.react_stack_bottom_frame (http://localhost:9002/_next/static/chunks/node_modules_next_dist_compiled_react-dom_1e674e59._.js:13072:24)
    at renderWithHooks (http://localhost:9002/_next/static/chunks/node_modules_next_dist_compiled_react-dom_1e674e59._.js:4091:24)
    at updateFunctionComponent (http://localhost:9002/_next/static/chunks/node_modules_next_dist_compiled_react-dom_1e674e59._.js:5523:21)
    at beginWork (http://localhost:9002/_next/static/chunks/node_modules_next_dist_compiled_react-dom_1e674e59._.js:6111:24)
    at runWithFiberInDEV (http://localhost:9002/_next/static/chunks/node_modules_next_dist_compiled_react-dom_1e674e59._.js:886:74)
    at performUnitOfWork (http://localhost:9002/_next/static/chunks/node_modules_next_dist_compiled_react-dom_1e674e59._.js:8298:97)
    at workLoopSync (http://localhost:9002/_next/static/chunks/node_modules_next_dist_compiled_react-dom_1e674e59._.js:8190:40)
    at renderRootSync (http://localhost:9002/_next/static/chunks/node_modules_next_dist_compiled_react-dom_1e674e59._.js:8173:13)
    at performWorkOnRoot (http://localhost:9002/_next/static/chunks/node_modules_next_dist_compiled_react-dom_1e674e59._.js:7932:56)
    at performSyncWorkOnRoot (http://localhost:9002/_next/static/chunks/node_modules_next_dist_compiled_react-dom_1e674e59._.js:8890:9)
    at flushSyncWorkAcrossRoots_impl (http://localhost:9002/_next/static/chunks/node_modules_next_dist_compiled_react-dom_1e674e59._.js:8809:316)
    at processRootScheduleInMicrotask (http://localhost:9002/_next/static/chunks/node_modules_next_dist_compiled_react-dom_1e674e59._.js:8829:106)
    at http://localhost:9002/_next/static/chunks/node_modules_next_dist_compiled_react-dom_1e674e59._.js:8901:158 The above error occurred in the <LoginPage> component. It was handled by the <ErrorBoundaryHandler> error boundary. @ http://localhost:9002/_next/static/chunks/node_modules_next_dist_client_cf1d9188._.js:1247
[   58947ms] [ERROR] Global error: ReferenceError: useEffect is not defined
    at LoginPage (http://localhost:9002/_next/static/chunks/src_425d64ca._.js?id=%255Bproject%255D%252Fsrc%252Fapp%252Flogin%252Fpage.tsx+%255Bapp-client%255D+%2528ecmascript%2529:84:5)
    at Object.react_stack_bottom_frame (http://localhost:9002/_next/static/chunks/node_modules_next_dist_compiled_react-dom_1e674e59._.js:13072:24)
    at renderWithHooks (http://localhost:9002/_next/static/chunks/node_modules_next_dist_compiled_react-dom_1e674e59._.js:4091:24)
    at updateFunctionComponent (http://localhost:9002/_next/static/chunks/node_modules_next_dist_compiled_react-dom_1e674e59._.js:5523:21)
    at beginWork (http://localhost:9002/_next/static/chunks/node_modules_next_dist_compiled_react-dom_1e674e59._.js:6111:24)
    at runWithFiberInDEV (http://localhost:9002/_next/static/chunks/node_modules_next_dist_compiled_react-dom_1e674e59._.js:886:74)
    at performUnitOfWork (http://localhost:9002/_next/static/chunks/node_modules_next_dist_compiled_react-dom_1e674e59._.js:8298:97)
    at workLoopSync (http://localhost:9002/_next/static/chunks/node_modules_next_dist_compiled_react-dom_1e674e59._.js:8190:40)
    at renderRootSync (http://localhost:9002/_next/static/chunks/node_modules_next_dist_compiled_react-dom_1e674e59._.js:8173:13)
    at performWorkOnRoot (http://localhost:9002/_next/static/chunks/node_modules_next_dist_compiled_react-dom_1e674e59._.js:7932:56)
    at performSyncWorkOnRoot (http://localhost:9002/_next/static/chunks/node_modules_next_dist_compiled_react-dom_1e674e59._.js:8890:9)
    at flushSyncWorkAcrossRoots_impl (http://localhost:9002/_next/static/chunks/node_modules_next_dist_compiled_react-dom_1e674e59._.js:8809:316)
    at processRootScheduleInMicrotask (http://localhost:9002/_next/static/chunks/node_modules_next_dist_compiled_react-dom_1e674e59._.js:8829:106)
    at http://localhost:9002/_next/static/chunks/node_modules_next_dist_compiled_react-dom_1e674e59._.js:8901:158 @ http://localhost:9002/_next/static/chunks/node_modules_next_dist_b0daae9a._.js:2359
[   58947ms] [ERROR] Global error: ReferenceError: useEffect is not defined
    at LoginPage (http://localhost:9002/_next/static/chunks/src_425d64ca._.js?id=%255Bproject%255D%252Fsrc%252Fapp%252Flogin%252Fpage.tsx+%255Bapp-client%255D+%2528ecmascript%2529:84:5)
    at Object.react_stack_bottom_frame (http://localhost:9002/_next/static/chunks/node_modules_next_dist_compiled_react-dom_1e674e59._.js:13072:24)
    at renderWithHooks (http://localhost:9002/_next/static/chunks/node_modules_next_dist_compiled_react-dom_1e674e59._.js:4091:24)
    at updateFunctionComponent (http://localhost:9002/_next/static/chunks/node_modules_next_dist_compiled_react-dom_1e674e59._.js:5523:21)
    at beginWork (http://localhost:9002/_next/static/chunks/node_modules_next_dist_compiled_react-dom_1e674e59._.js:6111:24)
    at runWithFiberInDEV (http://localhost:9002/_next/static/chunks/node_modules_next_dist_compiled_react-dom_1e674e59._.js:886:74)
    at performUnitOfWork (http://localhost:9002/_next/static/chunks/node_modules_next_dist_compiled_react-dom_1e674e59._.js:8298:97)
    at workLoopSync (http://localhost:9002/_next/static/chunks/node_modules_next_dist_compiled_react-dom_1e674e59._.js:8190:40)
    at renderRootSync (http://localhost:9002/_next/static/chunks/node_modules_next_dist_compiled_react-dom_1e674e59._.js:8173:13)
    at performWorkOnRoot (http://localhost:9002/_next/static/chunks/node_modules_next_dist_compiled_react-dom_1e674e59._.js:7932:56)
    at performSyncWorkOnRoot (http://localhost:9002/_next/static/chunks/node_modules_next_dist_compiled_react-dom_1e674e59._.js:8890:9)
    at flushSyncWorkAcrossRoots_impl (http://localhost:9002/_next/static/chunks/node_modules_next_dist_compiled_react-dom_1e674e59._.js:8809:316)
    at processRootScheduleInMicrotask (http://localhost:9002/_next/static/chunks/node_modules_next_dist_compiled_react-dom_1e674e59._.js:8829:106)
    at http://localhost:9002/_next/static/chunks/node_modules_next_dist_compiled_react-dom_1e674e59._.js:8901:158 @ http://localhost:9002/_next/static/chunks/node_modules_next_dist_b0daae9a._.js:2359
[   62848ms] [LOG] [Fast Refresh] rebuilding @ http://localhost:9002/_next/static/chunks/node_modules_next_dist_client_cf1d9188._.js:5949
[   62936ms] [LOG] [Fast Refresh] done in 164ms @ http://localhost:9002/_next/static/chunks/node_modules_next_dist_client_cf1d9188._.js:5809
[   63026ms] [VERBOSE] [DOM] Input elements should have autocomplete attributes (suggested: "current-password"): (More info: https://goo.gl/9p2vKq) %o @ http://localhost:9002/login:0
