[     353ms] [INFO] %cDownload the React DevTools for a better development experience: https://react.dev/link/react-devtools font-weight:bold @ http://localhost:9002/_next/static/chunks/node_modules_next_dist_compiled_react-dom_1e674e59._.js:14537
[     452ms] [WARNING] Image with src "https://picsum.photos/1200/600" is using deprecated "onLoadingComplete" property. Please use the "onLoad" property instead. @ http://localhost:9002/_next/static/chunks/node_modules_next_dist_b0daae9a._.js:968
[     466ms] [LOG] Making API request to: http://localhost:8082/home/boxes?lat=50.4501&lng=30.5234&radius=5 @ http://localhost:9002/_next/static/chunks/src_a9be78c3._.js:2340
[     467ms] [LOG] Making API request to: http://localhost:8082/home/categories @ http://localhost:9002/_next/static/chunks/src_a9be78c3._.js:2340
[     467ms] [LOG] Making API request to: http://localhost:8082/stores @ http://localhost:9002/_next/static/chunks/src_a9be78c3._.js:2340
[     468ms] [LOG] Making API request to: http://localhost:8082/home/stores/nearby?lat=50.4501&lng=30.5234&radius=5 @ http://localhost:9002/_next/static/chunks/src_a9be78c3._.js:2340
[     468ms] [LOG] No cart data found in localStorage @ http://localhost:9002/_next/static/chunks/src_a9be78c3._.js:1915
[     468ms] [LOG] Empty cart, removed from localStorage @ http://localhost:9002/_next/static/chunks/src_a9be78c3._.js:1945
[     469ms] [LOG] Making API request to: http://localhost:8082/home/boxes @ http://localhost:9002/_next/static/chunks/src_a9be78c3._.js:2340
[     469ms] [LOG] Reusing in-flight request for /stores @ http://localhost:9002/_next/static/chunks/src_a9be78c3._.js:2316
[     470ms] [LOG] Making API request to: http://localhost:8082/home/hero-images @ http://localhost:9002/_next/static/chunks/src_a9be78c3._.js:2340
[     470ms] [LOG] Making API request to: http://localhost:8082/home/category-icons @ http://localhost:9002/_next/static/chunks/src_a9be78c3._.js:2340
[     490ms] [LOG] Reusing in-flight request for /home/stores/nearby?lat=50.4501&lng=30.5234&radius=5 @ http://localhost:9002/_next/static/chunks/src_a9be78c3._.js:2316
[     667ms] [LOG] [Fast Refresh] rebuilding @ http://localhost:9002/_next/static/chunks/node_modules_next_dist_client_cf1d9188._.js:5949
[     713ms] [WARNING] Image with src "https://picsum.photos/id/292/1200/800" is using deprecated "onLoadingComplete" property. Please use the "onLoad" property instead. @ http://localhost:9002/_next/static/chunks/node_modules_next_dist_b0daae9a._.js:968
[     935ms] [LOG] Making API request to: http://localhost:8082/home/featured-stores @ http://localhost:9002/_next/static/chunks/src_a9be78c3._.js:2340
[     939ms] [LOG] Using cached response for /home/boxes?lat=50.4501&lng=30.5234&radius=5 @ http://localhost:9002/_next/static/chunks/src_a9be78c3._.js:2311
[     939ms] [LOG] Using cached response for /home/categories @ http://localhost:9002/_next/static/chunks/src_a9be78c3._.js:2311
[     939ms] [LOG] Using cached response for /stores @ http://localhost:9002/_next/static/chunks/src_a9be78c3._.js:2311
[     940ms] [LOG] Reusing in-flight request for /home/featured-stores @ http://localhost:9002/_next/static/chunks/src_a9be78c3._.js:2316
[    1277ms] [LOG] [Fast Refresh] done in 712ms @ http://localhost:9002/_next/static/chunks/node_modules_next_dist_client_cf1d9188._.js:5809
[    5471ms] [WARNING] Image with src "https://picsum.photos/id/431/1200/800" is using deprecated "onLoadingComplete" property. Please use the "onLoad" property instead. @ http://localhost:9002/_next/static/chunks/node_modules_next_dist_b0daae9a._.js:968
[   10469ms] [WARNING] Image with src "https://picsum.photos/id/429/1200/800" is using deprecated "onLoadingComplete" property. Please use the "onLoad" property instead. @ http://localhost:9002/_next/static/chunks/node_modules_next_dist_b0daae9a._.js:968
